components/pages/SkillsSection.tsx(41,132): error TS2554: Expected 3-4 arguments, but got 5.
components/pages/SkillsSection.tsx(65,123): error TS2554: Expected 3-4 arguments, but got 5.
components/pages/TestsSection.tsx(41,82): error TS2554: Expected 1-2 arguments, but got 3.
